22:42:55 **** Build of configuration Default for project uart ****
make all 
including /home/hatta/esp/ESP8266_RTOS_SDK/components/app_update/Makefile.projbuild...
including /home/hatta/esp/ESP8266_RTOS_SDK/components/bootloader/Makefile.projbuild...
including /home/hatta/esp/ESP8266_RTOS_SDK/components/bootloader_support/Makefile.projbuild...
including /home/hatta/esp/ESP8266_RTOS_SDK/components/esp-wolfssl/Makefile.projbuild...
including /home/hatta/esp/ESP8266_RTOS_SDK/components/esp8266/Makefile.projbuild...
including /home/hatta/esp/ESP8266_RTOS_SDK/components/esptool_py/Makefile.projbuild...
including /home/hatta/esp/ESP8266_RTOS_SDK/components/mbedtls/Makefile.projbuild...
including /home/hatta/esp/ESP8266_RTOS_SDK/components/partition_table/Makefile.projbuild...
Toolchain path: /opt/xtensa-lx106-elf/bin/xtensa-lx106-elf-gcc
Toolchain version: esp-2020r3-49-gd5524c1
Compiler version: 8.4.0
python /home/hatta/esp/ESP8266_RTOS_SDK/tools/check_python_dependencies.py
Python requirements from C:/msys32/home/hatta/esp/ESP8266_RTOS_SDK\requirements.txt are satisfied.
PROJECT_PATH= COMPONENT_DIRS= /usr/bin/make -C /home/hatta/esp/ESP8266_RTOS_SDK/components/bootloader/subproject V=1 BUILD_DIR_BASE=/home/hatta/esp/hello_world1/build/bootloader TEST_COMPONENTS= TESTS_ALL= /home/hatta/esp/hello_world1/build/bootloader/bootloader.bin
make[1]: Entering directory '/home/hatta/esp/ESP8266_RTOS_SDK/components/bootloader/subproject'
including /home/hatta/esp/ESP8266_RTOS_SDK/components/esptool_py/Makefile.projbuild...
including /home/hatta/esp/ESP8266_RTOS_SDK/components/bootloader_support/Makefile.projbuild...
including /home/hatta/esp/ESP8266_RTOS_SDK/components/esp8266/Makefile.projbuild...
/usr/bin/make -C /home/hatta/esp/hello_world1/build/bootloader/main -f /home/hatta/esp/ESP8266_RTOS_SDK/make/component_wrapper.mk COMPONENT_MAKEFILE=/home/hatta/esp/ESP8266_RTOS_SDK/components/bootloader/subproject/main/component.mk COMPONENT_NAME=main build
make[2]: Entering directory '/home/hatta/esp/hello_world1/build/bootloader/main'
make[2]: Nothing to be done for 'build'.
make[2]: Leaving directory '/home/hatta/esp/hello_world1/build/bootloader/main'
Target 'component-main-build' responsible for '/home/hatta/esp/hello_world1/build/bootloader/main/libmain.a'
/usr/bin/make -C /home/hatta/esp/hello_world1/build/bootloader/bootloader_support -f /home/hatta/esp/ESP8266_RTOS_SDK/make/component_wrapper.mk COMPONENT_MAKEFILE=/home/hatta/esp/ESP8266_RTOS_SDK/components/bootloader_support/component.mk COMPONENT_NAME=bootloader_support build
make[2]: Entering directory '/home/hatta/esp/hello_world1/build/bootloader/bootloader_support'
make[2]: Nothing to be done for 'build'.
make[2]: Leaving directory '/home/hatta/esp/hello_world1/build/bootloader/bootloader_support'
Target 'component-bootloader_support-build' responsible for '/home/hatta/esp/hello_world1/build/bootloader/bootloader_support/libbootloader_support.a'
/usr/bin/make -C /home/hatta/esp/hello_world1/build/bootloader/spi_flash -f /home/hatta/esp/ESP8266_RTOS_SDK/make/component_wrapper.mk COMPONENT_MAKEFILE=/home/hatta/esp/ESP8266_RTOS_SDK/components/spi_flash/component.mk COMPONENT_NAME=spi_flash build
make[2]: Entering directory '/home/hatta/esp/hello_world1/build/bootloader/spi_flash'
make[2]: Nothing to be done for 'build'.
make[2]: Leaving directory '/home/hatta/esp/hello_world1/build/bootloader/spi_flash'
Target 'component-spi_flash-build' responsible for '/home/hatta/esp/hello_world1/build/bootloader/spi_flash/libspi_flash.a'
/usr/bin/make -C /home/hatta/esp/hello_world1/build/bootloader/log -f /home/hatta/esp/ESP8266_RTOS_SDK/make/component_wrapper.mk COMPONENT_MAKEFILE=/home/hatta/esp/ESP8266_RTOS_SDK/components/log/component.mk COMPONENT_NAME=log build
make[2]: Entering directory '/home/hatta/esp/hello_world1/build/bootloader/log'
make[2]: Nothing to be done for 'build'.
make[2]: Leaving directory '/home/hatta/esp/hello_world1/build/bootloader/log'
Target 'component-log-build' responsible for '/home/hatta/esp/hello_world1/build/bootloader/log/liblog.a'
/usr/bin/make -C /home/hatta/esp/hello_world1/build/bootloader/esp8266 -f /home/hatta/esp/ESP8266_RTOS_SDK/make/component_wrapper.mk COMPONENT_MAKEFILE=/home/hatta/esp/ESP8266_RTOS_SDK/components/esp8266/component.mk COMPONENT_NAME=esp8266 build
make[2]: Entering directory '/home/hatta/esp/hello_world1/build/bootloader/esp8266'
make[2]: Nothing to be done for 'build'.
make[2]: Leaving directory '/home/hatta/esp/hello_world1/build/bootloader/esp8266'
Target 'component-esp8266-build' responsible for '/home/hatta/esp/hello_world1/build/bootloader/esp8266/libesp8266.a'
make[1]: Leaving directory '/home/hatta/esp/ESP8266_RTOS_SDK/components/bootloader/subproject'
/usr/bin/make -C /home/hatta/esp/hello_world1/build/I2C -f /home/hatta/esp/ESP8266_RTOS_SDK/make/component_wrapper.mk COMPONENT_MAKEFILE=/home/hatta/esp/hello_world1/components/I2C/component.mk COMPONENT_NAME=I2C build
make[1]: Entering directory '/home/hatta/esp/hello_world1/build/I2C'
make[1]: Nothing to be done for 'build'.
make[1]: Leaving directory '/home/hatta/esp/hello_world1/build/I2C'
Target 'component-I2C-build' responsible for '/home/hatta/esp/hello_world1/build/I2C/libI2C.a'
/usr/bin/make -C /home/hatta/esp/hello_world1/build/SPI -f /home/hatta/esp/ESP8266_RTOS_SDK/make/component_wrapper.mk COMPONENT_MAKEFILE=/home/hatta/esp/hello_world1/components/SPI/component.mk COMPONENT_NAME=SPI build
make[1]: Entering directory '/home/hatta/esp/hello_world1/build/SPI'
xtensa-lx106-elf-gcc -std=gnu99 -Og -ggdb -Wno-frame-address -ffunction-sections -fdata-sections -fstrict-volatile-bitfields -mlongcalls -nostdlib -Wall -Werror=all -Wno-error=unused-function -Wno-error=unused-but-set-variable -Wno-error=unused-variable -Wno-error=deprecated-declarations -Wextra -Wno-unused-parameter -Wno-sign-compare -Wno-old-style-declaration -DICACHE_FLASH -D__ESP_FILE__='"SPI.c"' -DAPP_OFFSET=0x10000 -DAPP_SIZE=0xf0000 -DESP_PLATFORM -D IDF_VER=\"v3.4-104-g2f586ea4\" -MMD -MP   -D_GNU_SOURCE -DGCC_NOT_5_2_0=1 -DMBEDTLS_CONFIG_FILE='"mbedtls/esp_config.h"' -DCONFIG_SSL_USING_MBEDTLS -I /home/hatta/esp/hello_world1/components/SPI/include -I /home/hatta/esp/hello_world1/components/I2C/include -I /home/hatta/esp/hello_world1/components/UART/include -I /home/hatta/esp/ESP8266_RTOS_SDK/components/app_update/include -I /home/hatta/esp/ESP8266_RTOS_SDK/components/bootloader_support/include -I /home/hatta/esp/ESP8266_RTOS_SDK/components/coap/include -I /home/hatta/esp/ESP8266_RTOS_SDK/components/console -I /home/hatta/esp/ESP8266_RTOS_SDK/components/esp-tls -I /home/hatta/esp/ESP8266_RTOS_SDK/components/esp-tls/private_include -I /home/hatta/esp/ESP8266_RTOS_SDK/components/esp-wolfssl/include -I /home/hatta/esp/ESP8266_RTOS_SDK/components/esp8266/include -I /home/hatta/esp/ESP8266_RTOS_SDK/components/esp8266/include -I /home/hatta/esp/ESP8266_RTOS_SDK/components/esp_common/include -I /home/hatta/esp/ESP8266_RTOS_SDK/components/esp_event/include -I /home/hatta/esp/ESP8266_RTOS_SDK/components/esp_gdbstub/include -I /home/hatta/esp/ESP8266_RTOS_SDK/components/esp_http_client/include -I /home/hatta/esp/ESP8266_RTOS_SDK/components/esp_http_server/include -I /home/hatta/esp/ESP8266_RTOS_SDK/components/esp_https_ota/include -I /home/hatta/esp/ESP8266_RTOS_SDK/components/esp_ringbuf/include -I /home/hatta/esp/ESP8266_RTOS_SDK/components/esp_ringbuf/include/freertos -I /home/hatta/esp/ESP8266_RTOS_SDK/components/fatfs/diskio -I /home/hatta/esp/ESP8266_RTOS_SDK/components/fatfs/vfs -I /home/hatta/esp/ESP8266_RTOS_SDK/components/fatfs/src -I /home/hatta/esp/ESP8266_RTOS_SDK/components/freemodbus/common/include -I /home/hatta/esp/ESP8266_RTOS_SDK/components/freertos/include -I /home/hatta/esp/ESP8266_RTOS_SDK/components/freertos/include -I /home/hatta/esp/ESP8266_RTOS_SDK/components/freertos/include/freertos -I /home/hatta/esp/ESP8266_RTOS_SDK/components/freertos/include/freertos/private -I /home/hatta/esp/ESP8266_RTOS_SDK/components/freertos/port/esp8266/include -I /home/hatta/esp/ESP8266_RTOS_SDK/components/freertos/port/esp8266/include/freertos -I /home/hatta/esp/ESP8266_RTOS_SDK/components/heap/include -I /home/hatta/esp/ESP8266_RTOS_SDK/components/heap/port/esp8266/include -I /home/hatta/esp/ESP8266_RTOS_SDK/components/http_parser/include -I /home/hatta/esp/ESP8266_RTOS_SDK/components/jsmn/include -I /home/hatta/esp/ESP8266_RTOS_SDK/components/json/cJSON -I /home/hatta/esp/ESP8266_RTOS_SDK/components/libsodium/libsodium/src/libsodium/include -I /home/hatta/esp/ESP8266_RTOS_SDK/components/libsodium/port_include -I /home/hatta/esp/ESP8266_RTOS_SDK/components/log/include -I /home/hatta/esp/ESP8266_RTOS_SDK/components/lwip/include/apps -I /home/hatta/esp/ESP8266_RTOS_SDK/components/lwip/include/apps/sntp -I /home/hatta/esp/ESP8266_RTOS_SDK/components/lwip/lwip/src/include -I /home/hatta/esp/ESP8266_RTOS_SDK/components/lwip/port/esp8266/include -I /home/hatta/esp/ESP8266_RTOS_SDK/components/lwip/port/esp8266/include/arch -I /home/hatta/esp/hello_world1/main/include -I /home/hatta/esp/ESP8266_RTOS_SDK/components/mbedtls/port/include -I /home/hatta/esp/ESP8266_RTOS_SDK/components/mbedtls/mbedtls/include -I /home/hatta/esp/ESP8266_RTOS_SDK/components/mbedtls/port/include/esp8266 -I /home/hatta/esp/ESP8266_RTOS_SDK/components/mdns/include -I /home/hatta/esp/ESP8266_RTOS_SDK/components/mqtt/esp-mqtt/include -I /home/hatta/esp/ESP8266_RTOS_SDK/components/newlib/platform_include -I /home/hatta/esp/ESP8266_RTOS_SDK/components/nvs_flash/include -I /home/hatta/esp/ESP8266_RTOS_SDK/components/openssl/include -I /home/hatta/esp/ESP8266_RTOS_SDK/components/protobuf-c/protobuf-c -I /home/hatta/esp/ESP8266_RTOS_SDK/components/pthread/include -I /home/hatta/esp/ESP8266_RTOS_SDK/components/spi_flash/include -I /home/hatta/esp/ESP8266_RTOS_SDK/components/spi_ram/include -I /home/hatta/esp/ESP8266_RTOS_SDK/components/spiffs/include -I /home/hatta/esp/ESP8266_RTOS_SDK/components/tcp_transport/include -I /home/hatta/esp/ESP8266_RTOS_SDK/components/tcpip_adapter/include -I /home/hatta/esp/ESP8266_RTOS_SDK/components/tcpip_adapter/include -I /home/hatta/esp/ESP8266_RTOS_SDK/components/vfs/include -I /home/hatta/esp/ESP8266_RTOS_SDK/components/wear_levelling/include -I /home/hatta/esp/ESP8266_RTOS_SDK/components/wpa_supplicant/include -I /home/hatta/esp/ESP8266_RTOS_SDK/components/wpa_supplicant/port/include -I /home/hatta/esp/ESP8266_RTOS_SDK/components/wpa_supplicant/include/esp_supplicant -I /home/hatta/esp/hello_world1/build/include  -I . -c /home/hatta/esp/hello_world1/components/SPI/SPI.c -o SPI.o
In file included from C:/msys32/home/hatta/esp/hello_world1/components/SPI/SPI.c:1:
make[1]: Leaving directory '/home/hatta/esp/hello_world1/build/SPI'
C:/msys32/home/hatta/esp/hello_world1/components/SPI/SPI.h:11:10: fatal error: my_config.h: No such file or directory
 #include "my_config.h"
          ^~~~~~~~~~~~~
compilation terminated.
make[1]: *** [/home/hatta/esp/ESP8266_RTOS_SDK/make/component_wrapper.mk:292: SPI.o] Error 1
make: *** [C:/msys32/home/hatta/esp/ESP8266_RTOS_SDK/make/project.mk:571: component-SPI-build] Error 2
"make all" terminated with exit code 2. Build might be incomplete.

22:43:02 Build Failed. 3 errors, 0 warnings. (took 6s.887ms)

